[ 2026-10-06 21:58:58 ]
[ UNIX_USR ] :: nt authority\system
[ WINDOWS_USR ] :: ROSY$
[ INFO ] ::  
            SELECT id, code, name, name AS valor, description, icon, color_hex, requires_supplier
            FROM fayxzvov_inventory.inflow_origin
            WHERE active = 1
            ORDER BY sort_order ASC, id ASC
        
[ ERROR READ] :: SQLSTATE[42S22]: Column not found: 1054 Unknown column 'description' in 'field list'


[ 2026-10-06 21:53:18 ]
[ UNIX_USR ] :: nt authority\system
[ WINDOWS_USR ] :: ROSY$
[ INFO ] ::  
            SELECT id, code, name, name AS valor, description, icon, color_hex, requires_supplier
            FROM fayxzvov_inventory.inflow_origin
            WHERE active = 1
            ORDER BY sort_order ASC, id ASC
        
[ ERROR READ] :: SQLSTATE[42S22]: Column not found: 1054 Unknown column 'description' in 'field list'


[ 2026-10-06 21:51:27 ]
[ UNIX_USR ] :: nt authority\system
[ WINDOWS_USR ] :: ROSY$
[ INFO ] ::  
            SELECT id, code, name, name AS valor, description, icon, color_hex, requires_supplier
            FROM fayxzvov_inventory.inflow_origin
            WHERE active = 1
            ORDER BY sort_order ASC, id ASC
        
[ ERROR READ] :: SQLSTATE[42S22]: Column not found: 1054 Unknown column 'description' in 'field list'


[ 2026-10-06 21:50:56 ]
[ UNIX_USR ] :: nt authority\system
[ WINDOWS_USR ] :: ROSY$
[ INFO ] ::  
            SELECT id, code, name, name AS valor, description, icon, color_hex, requires_supplier
            FROM fayxzvov_inventory.inflow_origin
            WHERE active = 1
            ORDER BY sort_order ASC, id ASC
        
[ ERROR READ] :: SQLSTATE[42S22]: Column not found: 1054 Unknown column 'description' in 'field list'


[ 2026-10-06 21:50:52 ]
[ UNIX_USR ] :: nt authority\system
[ WINDOWS_USR ] :: ROSY$
[ INFO ] ::  
            SELECT id, code, name, name AS valor, description, icon, color_hex, requires_supplier
            FROM fayxzvov_inventory.inflow_origin
            WHERE active = 1
            ORDER BY sort_order ASC, id ASC
        
[ ERROR READ] :: SQLSTATE[42S22]: Column not found: 1054 Unknown column 'description' in 'field list'


[ 2026-10-06 21:50:43 ]
[ UNIX_USR ] :: nt authority\system
[ WINDOWS_USR ] :: ROSY$
[ INFO ] ::  
            SELECT id, code, name, name AS valor, description, icon, color_hex, requires_supplier
            FROM fayxzvov_inventory.inflow_origin
            WHERE active = 1
            ORDER BY sort_order ASC, id ASC
        
[ ERROR READ] :: SQLSTATE[42S22]: Column not found: 1054 Unknown column 'description' in 'field list'


[ 2026-10-06 21:50:35 ]
[ UNIX_USR ] :: nt authority\system
[ WINDOWS_USR ] :: ROSY$
[ INFO ] ::  
            SELECT id, code, name, name AS valor, description, icon, color_hex, requires_supplier
            FROM fayxzvov_inventory.inflow_origin
            WHERE active = 1
            ORDER BY sort_order ASC, id ASC
        
[ ERROR READ] :: SQLSTATE[42S22]: Column not found: 1054 Unknown column 'description' in 'field list'


[ 2026-10-06 21:50:21 ]
[ UNIX_USR ] :: nt authority\system
[ WINDOWS_USR ] :: ROSY$
[ INFO ] ::  
            SELECT id, code, name, name AS valor, description, icon, color_hex, requires_supplier
            FROM fayxzvov_inventory.inflow_origin
            WHERE active = 1
            ORDER BY sort_order ASC, id ASC
        
[ ERROR READ] :: SQLSTATE[42S22]: Column not found: 1054 Unknown column 'description' in 'field list'


[ 2026-10-06 20:27:41 ]
[ UNIX_USR ] :: nt authority\system
[ WINDOWS_USR ] :: ROSY$
[ INFO ] ::  
            SELECT active
            FROM fayxzvov_erp.coffeeia_config
            WHERE id = ?
        
[ ERROR READ] :: SQLSTATE[42S22]: Column not found: 1054 Unknown column 'active' in 'field list'


[ 2026-10-06 20:26:57 ]
[ UNIX_USR ] :: nt authority\system
[ WINDOWS_USR ] :: ROSY$
[ INFO ] ::  
            SELECT active
            FROM fayxzvov_erp.coffeeia_config
            WHERE id = ?
        
[ ERROR READ] :: SQLSTATE[42S22]: Column not found: 1054 Unknown column 'active' in 'field list'


[ 2026-10-06 20:23:35 ]
[ UNIX_USR ] :: nt authority\system
[ WINDOWS_USR ] :: ROSY$
[ INFO ] ::  
            SELECT active
            FROM fayxzvov_erp.coffeeia_config
            WHERE id = ?
        
[ ERROR READ] :: SQLSTATE[42S22]: Column not found: 1054 Unknown column 'active' in 'field list'


[ 2026-10-06 20:23:35 ]
[ UNIX_USR ] :: nt authority\system
[ WINDOWS_USR ] :: ROSY$
[ INFO ] ::  
            SELECT id, code, name AS valor
            FROM fayxzvov_inventory.unit
            WHERE active = 1
            AND companies_id = 1
            ORDER BY sort_order ASC, name ASC
        
[ ERROR READ] :: SQLSTATE[42S22]: Column not found: 1054 Unknown column 'sort_order' in 'order clause'


[ 2026-10-06 20:23:17 ]
[ UNIX_USR ] :: nt authority\system
[ WINDOWS_USR ] :: ROSY$
[ INFO ] ::  
            SELECT id, name AS valor
            FROM fayxzvov_inventory.unit
            WHERE active = 1 AND companies_id = ?
            ORDER BY sort_order ASC, name ASC
        
[ ERROR READ] :: SQLSTATE[42S22]: Column not found: 1054 Unknown column 'sort_order' in 'order clause'


[ 2026-10-06 20:23:12 ]
[ UNIX_USR ] :: nt authority\system
[ WINDOWS_USR ] :: ROSY$
[ INFO ] ::  
            SELECT
                id,
                code,
                name as valor,
                sort_order,
                DATE_FORMAT(created_at, '%d/%m/%Y') as date_creation,
                active
            FROM fayxzvov_inventory.unit
            WHERE active = ?
            AND companies_id = 1
            ORDER BY sort_order ASC, id ASC
        
[ ERROR READ] :: SQLSTATE[42S22]: Column not found: 1054 Unknown column 'sort_order' in 'field list'


[ 2026-10-06 20:23:02 ]
[ UNIX_USR ] :: nt authority\system
[ WINDOWS_USR ] :: ROSY$
[ INFO ] ::  
            SELECT active
            FROM fayxzvov_erp.coffeeia_config
            WHERE id = ?
        
[ ERROR READ] :: SQLSTATE[42S22]: Column not found: 1054 Unknown column 'active' in 'field list'


[ 2026-10-06 20:23:02 ]
[ UNIX_USR ] :: nt authority\system
[ WINDOWS_USR ] :: ROSY$
[ INFO ] ::  
            SELECT id, code, name AS valor
            FROM fayxzvov_inventory.unit
            WHERE active = 1
            AND companies_id = 1
            ORDER BY sort_order ASC, name ASC
        
[ ERROR READ] :: SQLSTATE[42S22]: Column not found: 1054 Unknown column 'sort_order' in 'order clause'


[ 2026-10-06 20:22:57 ]
[ UNIX_USR ] :: nt authority\system
[ WINDOWS_USR ] :: ROSY$
[ INFO ] ::  
            SELECT active
            FROM fayxzvov_erp.coffeeia_config
            WHERE id = ?
        
[ ERROR READ] :: SQLSTATE[42S22]: Column not found: 1054 Unknown column 'active' in 'field list'


[ 2026-10-06 20:22:57 ]
[ UNIX_USR ] :: nt authority\system
[ WINDOWS_USR ] :: ROSY$
[ INFO ] ::  
            SELECT id, code, name AS valor
            FROM fayxzvov_inventory.unit
            WHERE active = 1
            AND companies_id = 1
            ORDER BY sort_order ASC, name ASC
        
[ ERROR READ] :: SQLSTATE[42S22]: Column not found: 1054 Unknown column 'sort_order' in 'order clause'


[ 2026-10-06 16:55:01 ]
[ UNIX_USR ] :: nt authority\system
[ WINDOWS_USR ] :: DESKTOP-FHJB2CN$
[ INFO ] ::  
            SELECT active
            FROM fayxzvov_erp.coffeeia_config
            WHERE id = ?
        
[ ERROR READ] :: SQLSTATE[42S22]: Column not found: 1054 Unknown column 'active' in 'field list'


[ 2026-10-06 16:54:38 ]
[ UNIX_USR ] :: nt authority\system
[ WINDOWS_USR ] :: DESKTOP-FHJB2CN$
[ INFO ] ::  
            SELECT active
            FROM fayxzvov_erp.coffeeia_config
            WHERE id = ?
        
[ ERROR READ] :: SQLSTATE[42S22]: Column not found: 1054 Unknown column 'active' in 'field list'


[ 2026-10-06 16:54:25 ]
[ UNIX_USR ] :: SomxDev
[ WINDOWS_USR ] :: SomxDev
[ INFO ] ::  
            SELECT active
            FROM fayxzvov_erp.coffeeia_config
            WHERE id = ?
        
[ ERROR READ] :: SQLSTATE[42S22]: Column not found: 1054 Unknown column 'active' in 'field list'


[ 2026-10-06 12:17:33 ]
[ UNIX_USR ] :: nt authority\system
[ WINDOWS_USR ] :: DESKTOP-FHJB2CN$
[ INFO ] ::  
            SELECT w.id, CONCAT(w.name, IFNULL(CONCAT(' - ', b.name), '')) AS valor
            FROM fayxzvov_inventory.warehouse w
            LEFT JOIN fayxzvov_erp.branches b ON b.id = w.branch_id
            WHERE w.active = 1
            AND w.companies_id = 
            ORDER BY b.name ASC, w.is_default DESC, w.name ASC
        
[ ERROR READ] :: SQLSTATE[42000]: Syntax error or access violation: 1064 You have an error in your SQL syntax; check the manual that corresponds to your MySQL server version for the right syntax to use near 'ORDER BY b.name ASC, w.is_default DESC, w.name ASC' at line 6


[ 2026-10-06 12:17:33 ]
[ UNIX_USR ] :: nt authority\system
[ WINDOWS_USR ] :: DESKTOP-FHJB2CN$
[ INFO ] ::  
            SELECT id, name AS valor
            FROM fayxzvov_inventory.supplier
            WHERE active = 1
            AND companies_id = 
            ORDER BY name ASC
        
[ ERROR READ] :: SQLSTATE[42000]: Syntax error or access violation: 1064 You have an error in your SQL syntax; check the manual that corresponds to your MySQL server version for the right syntax to use near 'ORDER BY name ASC' at line 5


[ 2026-10-06 12:17:33 ]
[ UNIX_USR ] :: nt authority\system
[ WINDOWS_USR ] :: DESKTOP-FHJB2CN$
[ INFO ] ::  
            SELECT id, code, name AS valor
            FROM fayxzvov_inventory.unit
            WHERE active = 1
            AND companies_id = 
            ORDER BY sort_order ASC, name ASC
        
[ ERROR READ] :: SQLSTATE[42000]: Syntax error or access violation: 1064 You have an error in your SQL syntax; check the manual that corresponds to your MySQL server version for the right syntax to use near 'ORDER BY sort_order ASC, name ASC' at line 5


[ 2026-10-06 12:17:33 ]
[ UNIX_USR ] :: nt authority\system
[ WINDOWS_USR ] :: DESKTOP-FHJB2CN$
[ INFO ] ::  
            SELECT id, name AS valor
            FROM fayxzvov_inventory.item_category
            WHERE active = 1
            AND companies_id = 
            ORDER BY name ASC
        
[ ERROR READ] :: SQLSTATE[42000]: Syntax error or access violation: 1064 You have an error in your SQL syntax; check the manual that corresponds to your MySQL server version for the right syntax to use near 'ORDER BY name ASC' at line 5


[ 2026-10-06 12:17:33 ]
[ UNIX_USR ] :: nt authority\system
[ WINDOWS_USR ] :: DESKTOP-FHJB2CN$
[ INFO ] ::  
            SELECT id, name AS valor, color_hex
            FROM fayxzvov_inventory.warehouse_area
            WHERE active = 1
            AND companies_id = 
            ORDER BY name ASC
        
[ ERROR READ] :: SQLSTATE[42000]: Syntax error or access violation: 1064 You have an error in your SQL syntax; check the manual that corresponds to your MySQL server version for the right syntax to use near 'ORDER BY name ASC' at line 5


[ 2026-10-06 12:17:29 ]
[ UNIX_USR ] :: nt authority\system
[ WINDOWS_USR ] :: DESKTOP-FHJB2CN$
[ INFO ] ::  
            SELECT w.id, CONCAT(w.name, IFNULL(CONCAT(' - ', b.name), '')) AS valor
            FROM fayxzvov_inventory.warehouse w
            LEFT JOIN fayxzvov_erp.branches b ON b.id = w.branch_id
            WHERE w.active = 1
            AND w.companies_id = 
            ORDER BY b.name ASC, w.is_default DESC, w.name ASC
        
[ ERROR READ] :: SQLSTATE[42000]: Syntax error or access violation: 1064 You have an error in your SQL syntax; check the manual that corresponds to your MySQL server version for the right syntax to use near 'ORDER BY b.name ASC, w.is_default DESC, w.name ASC' at line 6


[ 2026-10-06 12:17:29 ]
[ UNIX_USR ] :: nt authority\system
[ WINDOWS_USR ] :: DESKTOP-FHJB2CN$
[ INFO ] ::  
            SELECT id, name AS valor
            FROM fayxzvov_inventory.supplier
            WHERE active = 1
            AND companies_id = 
            ORDER BY name ASC
        
[ ERROR READ] :: SQLSTATE[42000]: Syntax error or access violation: 1064 You have an error in your SQL syntax; check the manual that corresponds to your MySQL server version for the right syntax to use near 'ORDER BY name ASC' at line 5


[ 2026-10-06 12:17:29 ]
[ UNIX_USR ] :: nt authority\system
[ WINDOWS_USR ] :: DESKTOP-FHJB2CN$
[ INFO ] ::  
            SELECT id, code, name AS valor
            FROM fayxzvov_inventory.unit
            WHERE active = 1
            AND companies_id = 
            ORDER BY sort_order ASC, name ASC
        
[ ERROR READ] :: SQLSTATE[42000]: Syntax error or access violation: 1064 You have an error in your SQL syntax; check the manual that corresponds to your MySQL server version for the right syntax to use near 'ORDER BY sort_order ASC, name ASC' at line 5


[ 2026-10-06 12:17:29 ]
[ UNIX_USR ] :: nt authority\system
[ WINDOWS_USR ] :: DESKTOP-FHJB2CN$
[ INFO ] ::  
            SELECT id, name AS valor
            FROM fayxzvov_inventory.item_category
            WHERE active = 1
            AND companies_id = 
            ORDER BY name ASC
        
[ ERROR READ] :: SQLSTATE[42000]: Syntax error or access violation: 1064 You have an error in your SQL syntax; check the manual that corresponds to your MySQL server version for the right syntax to use near 'ORDER BY name ASC' at line 5


[ 2026-10-06 12:17:29 ]
[ UNIX_USR ] :: nt authority\system
[ WINDOWS_USR ] :: DESKTOP-FHJB2CN$
[ INFO ] ::  
            SELECT id, name AS valor, color_hex
            FROM fayxzvov_inventory.warehouse_area
            WHERE active = 1
            AND companies_id = 
            ORDER BY name ASC
        
[ ERROR READ] :: SQLSTATE[42000]: Syntax error or access violation: 1064 You have an error in your SQL syntax; check the manual that corresponds to your MySQL server version for the right syntax to use near 'ORDER BY name ASC' at line 5


[ 2026-10-05 14:26:45 ]
[ UNIX_USR ] :: nt authority\system
[ WINDOWS_USR ] :: DESKTOP-FHJB2CN$
[ INFO ] ::  DELETE FROM fayxzvov_inventory.item WHERE companies_id = ?
[ ERROR C.U.D. ] :: SQLSTATE[23000]: Integrity constraint violation: 1451 Cannot delete or update a parent row: a foreign key constraint fails (`fayxzvov_inventory`.`detail_inventory_adjustment`, CONSTRAINT `fk_dadj_item` FOREIGN KEY (`item_id`) REFERENCES `item` (`id`))


[ 2026-10-05 14:26:42 ]
[ UNIX_USR ] :: nt authority\system
[ WINDOWS_USR ] :: DESKTOP-FHJB2CN$
[ INFO ] ::  DELETE FROM fayxzvov_inventory.item WHERE companies_id = ?
[ ERROR C.U.D. ] :: SQLSTATE[23000]: Integrity constraint violation: 1451 Cannot delete or update a parent row: a foreign key constraint fails (`fayxzvov_inventory`.`detail_inventory_adjustment`, CONSTRAINT `fk_dadj_item` FOREIGN KEY (`item_id`) REFERENCES `item` (`id`))


[ 2026-10-05 14:26:37 ]
[ UNIX_USR ] :: nt authority\system
[ WINDOWS_USR ] :: DESKTOP-FHJB2CN$
[ INFO ] ::  DELETE FROM fayxzvov_inventory.item WHERE companies_id = ?
[ ERROR C.U.D. ] :: SQLSTATE[23000]: Integrity constraint violation: 1451 Cannot delete or update a parent row: a foreign key constraint fails (`fayxzvov_inventory`.`detail_inventory_adjustment`, CONSTRAINT `fk_dadj_item` FOREIGN KEY (`item_id`) REFERENCES `item` (`id`))


[ 2026-10-03 16:27:14 ]
[ UNIX_USR ] :: nt authority\system
[ WINDOWS_USR ] :: DESKTOP-FHJB2CN$
[ INFO ] ::  
            SELECT id, name AS valor
            FROM fayxzvov_inventory.unit
            WHERE active = 1 AND companies_id = ?
            ORDER BY sort_order ASC, name ASC
        
[ ERROR READ] :: SQLSTATE[42S22]: Column not found: 1054 Unknown column 'sort_order' in 'order clause'


[ 2026-10-03 16:23:24 ]
[ UNIX_USR ] :: nt authority\system
[ WINDOWS_USR ] :: DESKTOP-FHJB2CN$
[ INFO ] ::  
            SELECT id, name AS valor
            FROM fayxzvov_inventory.unit
            WHERE active = 1 AND companies_id = ?
            ORDER BY sort_order ASC, name ASC
        
[ ERROR READ] :: SQLSTATE[42S22]: Column not found: 1054 Unknown column 'sort_order' in 'order clause'


[ 2026-10-03 16:23:17 ]
[ UNIX_USR ] :: nt authority\system
[ WINDOWS_USR ] :: DESKTOP-FHJB2CN$
[ INFO ] ::  
            SELECT id, name AS valor
            FROM fayxzvov_inventory.unit
            WHERE active = 1 AND companies_id = ?
            ORDER BY sort_order ASC, name ASC
        
[ ERROR READ] :: SQLSTATE[42S22]: Column not found: 1054 Unknown column 'sort_order' in 'order clause'


[ 2026-10-03 16:23:05 ]
[ UNIX_USR ] :: nt authority\system
[ WINDOWS_USR ] :: DESKTOP-FHJB2CN$
[ INFO ] ::  
            SELECT id, name AS valor
            FROM fayxzvov_inventory.unit
            WHERE active = 1 AND companies_id = ?
            ORDER BY sort_order ASC, name ASC
        
[ ERROR READ] :: SQLSTATE[42S22]: Column not found: 1054 Unknown column 'sort_order' in 'order clause'


[ 2026-10-03 16:22:32 ]
[ UNIX_USR ] :: nt authority\system
[ WINDOWS_USR ] :: DESKTOP-FHJB2CN$
[ INFO ] ::  
            SELECT id, code, name AS valor
            FROM fayxzvov_inventory.unit
            WHERE active = 1
            AND companies_id = 1
            ORDER BY sort_order ASC, name ASC
        
[ ERROR READ] :: SQLSTATE[42S22]: Column not found: 1054 Unknown column 'sort_order' in 'order clause'


[ 2026-10-03 16:22:17 ]
[ UNIX_USR ] :: nt authority\system
[ WINDOWS_USR ] :: DESKTOP-FHJB2CN$
[ INFO ] ::  
            SELECT id, name AS valor
            FROM fayxzvov_inventory.unit
            WHERE active = 1 AND companies_id = ?
            ORDER BY sort_order ASC, name ASC
        
[ ERROR READ] :: SQLSTATE[42S22]: Column not found: 1054 Unknown column 'sort_order' in 'order clause'


[ 2026-10-03 16:21:21 ]
[ UNIX_USR ] :: nt authority\system
[ WINDOWS_USR ] :: DESKTOP-FHJB2CN$
[ INFO ] ::  
            SELECT id, name AS valor
            FROM fayxzvov_inventory.unit
            WHERE active = 1 AND companies_id = ?
            ORDER BY sort_order ASC, name ASC
        
[ ERROR READ] :: SQLSTATE[42S22]: Column not found: 1054 Unknown column 'sort_order' in 'order clause'


