[ 2026-10-05 16:52:06 ]
[ UNIX_USR ] :: nt authority\system
[ WINDOWS_USR ] :: DESKTOP-56GL0L8$
[ INFO ] ::  
            SELECT 
                idPerfil,
                perfil,
                perfil_estado,
                DATE_FORMAT(f_creacion, '%d/%m/%Y') as f_creacion
            FROM fayxzvov_erp.perfiles
            WHERE perfil_estado = ?
            ORDER BY idPerfil DESC
        
[ ERROR READ] :: SQLSTATE[42S02]: Base table or view not found: 1146 Table 'fayxzvov_erp.perfiles' doesn't exist


[ 2026-10-05 16:52:06 ]
[ UNIX_USR ] :: nt authority\system
[ WINDOWS_USR ] :: DESKTOP-56GL0L8$
[ INFO ] ::  
            SELECT 
                idUser,
                usser,
                usr_Colaborador,
                usr_estado,
                usr_udn,
                DATE_FORMAT(creacion, '%d/%m/%Y') as creacion,
                DATE_FORMAT(activacion, '%d/%m/%Y %H:%i') as activacion
            FROM fayxzvov_erp.usuarios
            WHERE usr_estado = ?
            ORDER BY idUser DESC
        
[ ERROR READ] :: SQLSTATE[42S02]: Base table or view not found: 1146 Table 'fayxzvov_erp.usuarios' doesn't exist


[ 2026-10-05 16:51:26 ]
[ UNIX_USR ] :: nt authority\system
[ WINDOWS_USR ] :: DESKTOP-56GL0L8$
[ INFO ] ::  
            SELECT 
                idPerfil,
                perfil,
                perfil_estado,
                DATE_FORMAT(f_creacion, '%d/%m/%Y') as f_creacion
            FROM fayxzvov_erp.perfiles
            WHERE perfil_estado = ?
            ORDER BY idPerfil DESC
        
[ ERROR READ] :: SQLSTATE[42S02]: Base table or view not found: 1146 Table 'fayxzvov_erp.perfiles' doesn't exist


[ 2026-10-05 16:51:26 ]
[ UNIX_USR ] :: nt authority\system
[ WINDOWS_USR ] :: DESKTOP-56GL0L8$
[ INFO ] ::  
            SELECT 
                idUser,
                usser,
                usr_Colaborador,
                usr_estado,
                usr_udn,
                DATE_FORMAT(creacion, '%d/%m/%Y') as creacion,
                DATE_FORMAT(activacion, '%d/%m/%Y %H:%i') as activacion
            FROM fayxzvov_erp.usuarios
            WHERE usr_estado = ?
            ORDER BY idUser DESC
        
[ ERROR READ] :: SQLSTATE[42S02]: Base table or view not found: 1146 Table 'fayxzvov_erp.usuarios' doesn't exist


[ 2026-10-05 16:49:15 ]
[ UNIX_USR ] :: nt authority\system
[ WINDOWS_USR ] :: DESKTOP-56GL0L8$
[ INFO ] ::  
            SELECT 
                idPerfil,
                perfil,
                perfil_estado,
                DATE_FORMAT(f_creacion, '%d/%m/%Y') as f_creacion
            FROM fayxzvov_erp.perfiles
            WHERE perfil_estado = ?
            ORDER BY idPerfil DESC
        
[ ERROR READ] :: SQLSTATE[42S02]: Base table or view not found: 1146 Table 'fayxzvov_erp.perfiles' doesn't exist


[ 2026-10-05 16:49:15 ]
[ UNIX_USR ] :: nt authority\system
[ WINDOWS_USR ] :: DESKTOP-56GL0L8$
[ INFO ] ::  
            SELECT 
                idUser,
                usser,
                usr_Colaborador,
                usr_estado,
                usr_udn,
                DATE_FORMAT(creacion, '%d/%m/%Y') as creacion,
                DATE_FORMAT(activacion, '%d/%m/%Y %H:%i') as activacion
            FROM fayxzvov_erp.usuarios
            WHERE usr_estado = ?
            ORDER BY idUser DESC
        
[ ERROR READ] :: SQLSTATE[42S02]: Base table or view not found: 1146 Table 'fayxzvov_erp.usuarios' doesn't exist


[ 2026-10-05 16:37:14 ]
[ UNIX_USR ] :: nt authority\system
[ WINDOWS_USR ] :: DESKTOP-56GL0L8$
[ INFO ] ::  
            SELECT 
                idPerfil,
                perfil,
                perfil_estado,
                DATE_FORMAT(f_creacion, '%d/%m/%Y') as f_creacion
            FROM fayxzvov_erp.perfiles
            WHERE perfil_estado = ?
            ORDER BY idPerfil DESC
        
[ ERROR READ] :: SQLSTATE[42S02]: Base table or view not found: 1146 Table 'fayxzvov_erp.perfiles' doesn't exist


[ 2026-10-05 16:37:14 ]
[ UNIX_USR ] :: nt authority\system
[ WINDOWS_USR ] :: DESKTOP-56GL0L8$
[ INFO ] ::  
            SELECT 
                idUser,
                usser,
                usr_Colaborador,
                usr_estado,
                usr_udn,
                DATE_FORMAT(creacion, '%d/%m/%Y') as creacion,
                DATE_FORMAT(activacion, '%d/%m/%Y %H:%i') as activacion
            FROM fayxzvov_erp.usuarios
            WHERE usr_estado = ?
            ORDER BY idUser DESC
        
[ ERROR READ] :: SQLSTATE[42S02]: Base table or view not found: 1146 Table 'fayxzvov_erp.usuarios' doesn't exist


[ 2026-10-05 16:08:37 ]
[ UNIX_USR ] :: nt authority\system
[ WINDOWS_USR ] :: DESKTOP-56GL0L8$
[ INFO ] ::  
            SELECT 
                idPerfil,
                perfil,
                perfil_estado,
                DATE_FORMAT(f_creacion, '%d/%m/%Y') as f_creacion
            FROM fayxzvov_erp.perfiles
            WHERE perfil_estado = ?
            ORDER BY idPerfil DESC
        
[ ERROR READ] :: SQLSTATE[42S02]: Base table or view not found: 1146 Table 'fayxzvov_erp.perfiles' doesn't exist


[ 2026-10-05 16:08:37 ]
[ UNIX_USR ] :: nt authority\system
[ WINDOWS_USR ] :: DESKTOP-56GL0L8$
[ INFO ] ::  
            SELECT 
                idUser,
                usser,
                usr_Colaborador,
                usr_estado,
                usr_udn,
                DATE_FORMAT(creacion, '%d/%m/%Y') as creacion,
                DATE_FORMAT(activacion, '%d/%m/%Y %H:%i') as activacion
            FROM fayxzvov_erp.usuarios
            WHERE usr_estado = ?
            ORDER BY idUser DESC
        
[ ERROR READ] :: SQLSTATE[42S02]: Base table or view not found: 1146 Table 'fayxzvov_erp.usuarios' doesn't exist


[ 2026-10-05 16:07:51 ]
[ UNIX_USR ] :: nt authority\system
[ WINDOWS_USR ] :: DESKTOP-56GL0L8$
[ INFO ] ::  
            SELECT 
                idUser,
                usser,
                usr_Colaborador,
                usr_estado,
                usr_udn,
                DATE_FORMAT(creacion, '%d/%m/%Y') as creacion,
                DATE_FORMAT(activacion, '%d/%m/%Y %H:%i') as activacion
            FROM fayxzvov_erp.usuarios
            WHERE usr_estado = ?
            ORDER BY idUser DESC
        
[ ERROR READ] :: SQLSTATE[42S02]: Base table or view not found: 1146 Table 'fayxzvov_erp.usuarios' doesn't exist


[ 2026-10-05 16:07:50 ]
[ UNIX_USR ] :: nt authority\system
[ WINDOWS_USR ] :: DESKTOP-56GL0L8$
[ INFO ] ::  
            SELECT 
                idPerfil,
                perfil,
                perfil_estado,
                DATE_FORMAT(f_creacion, '%d/%m/%Y') as f_creacion
            FROM fayxzvov_erp.perfiles
            WHERE perfil_estado = ?
            ORDER BY idPerfil DESC
        
[ ERROR READ] :: SQLSTATE[42S02]: Base table or view not found: 1146 Table 'fayxzvov_erp.perfiles' doesn't exist


[ 2026-10-05 16:07:49 ]
[ UNIX_USR ] :: nt authority\system
[ WINDOWS_USR ] :: DESKTOP-56GL0L8$
[ INFO ] ::  
            SELECT 
                idPerfil,
                perfil,
                perfil_estado,
                DATE_FORMAT(f_creacion, '%d/%m/%Y') as f_creacion
            FROM fayxzvov_erp.perfiles
            WHERE perfil_estado = ?
            ORDER BY idPerfil DESC
        
[ ERROR READ] :: SQLSTATE[42S02]: Base table or view not found: 1146 Table 'fayxzvov_erp.perfiles' doesn't exist


[ 2026-10-05 16:07:48 ]
[ UNIX_USR ] :: nt authority\system
[ WINDOWS_USR ] :: DESKTOP-56GL0L8$
[ INFO ] ::  
            SELECT 
                idPerfil,
                perfil,
                perfil_estado,
                DATE_FORMAT(f_creacion, '%d/%m/%Y') as f_creacion
            FROM fayxzvov_erp.perfiles
            WHERE perfil_estado = ?
            ORDER BY idPerfil DESC
        
[ ERROR READ] :: SQLSTATE[42S02]: Base table or view not found: 1146 Table 'fayxzvov_erp.perfiles' doesn't exist


[ 2026-10-05 16:07:48 ]
[ UNIX_USR ] :: nt authority\system
[ WINDOWS_USR ] :: DESKTOP-56GL0L8$
[ INFO ] ::  
            SELECT 
                idUser,
                usser,
                usr_Colaborador,
                usr_estado,
                usr_udn,
                DATE_FORMAT(creacion, '%d/%m/%Y') as creacion,
                DATE_FORMAT(activacion, '%d/%m/%Y %H:%i') as activacion
            FROM fayxzvov_erp.usuarios
            WHERE usr_estado = ?
            ORDER BY idUser DESC
        
[ ERROR READ] :: SQLSTATE[42S02]: Base table or view not found: 1146 Table 'fayxzvov_erp.usuarios' doesn't exist


[ 2026-10-05 14:34:46 ]
[ UNIX_USR ] :: nt authority\system
[ WINDOWS_USR ] :: DESKTOP-56GL0L8$
[ INFO ] ::  
            SELECT 
                idPerfil,
                perfil,
                perfil_estado,
                DATE_FORMAT(f_creacion, '%d/%m/%Y') as f_creacion
            FROM fayxzvov_erp.perfiles
            WHERE perfil_estado = ?
            ORDER BY idPerfil DESC
        
[ ERROR READ] :: SQLSTATE[42S02]: Base table or view not found: 1146 Table 'fayxzvov_erp.perfiles' doesn't exist


[ 2026-10-05 14:34:46 ]
[ UNIX_USR ] :: nt authority\system
[ WINDOWS_USR ] :: DESKTOP-56GL0L8$
[ INFO ] ::  
            SELECT 
                idUser,
                usser,
                usr_Colaborador,
                usr_estado,
                usr_udn,
                DATE_FORMAT(creacion, '%d/%m/%Y') as creacion,
                DATE_FORMAT(activacion, '%d/%m/%Y %H:%i') as activacion
            FROM fayxzvov_erp.usuarios
            WHERE usr_estado = ?
            ORDER BY idUser DESC
        
[ ERROR READ] :: SQLSTATE[42S02]: Base table or view not found: 1146 Table 'fayxzvov_erp.usuarios' doesn't exist


[ 2026-10-05 14:33:54 ]
[ UNIX_USR ] :: nt authority\system
[ WINDOWS_USR ] :: DESKTOP-56GL0L8$
[ INFO ] ::  
            SELECT 
                idUser,
                usser,
                usr_Colaborador,
                usr_estado,
                usr_udn,
                DATE_FORMAT(creacion, '%d/%m/%Y') as creacion,
                DATE_FORMAT(activacion, '%d/%m/%Y %H:%i') as activacion
            FROM fayxzvov_erp.usuarios
            WHERE usr_estado = ?
            ORDER BY idUser DESC
        
[ ERROR READ] :: SQLSTATE[42S02]: Base table or view not found: 1146 Table 'fayxzvov_erp.usuarios' doesn't exist


[ 2026-10-05 14:33:53 ]
[ UNIX_USR ] :: nt authority\system
[ WINDOWS_USR ] :: DESKTOP-56GL0L8$
[ INFO ] ::  
            SELECT 
                idPerfil,
                perfil,
                perfil_estado,
                DATE_FORMAT(f_creacion, '%d/%m/%Y') as f_creacion
            FROM fayxzvov_erp.perfiles
            WHERE perfil_estado = ?
            ORDER BY idPerfil DESC
        
[ ERROR READ] :: SQLSTATE[42S02]: Base table or view not found: 1146 Table 'fayxzvov_erp.perfiles' doesn't exist


[ 2026-10-05 14:33:53 ]
[ UNIX_USR ] :: nt authority\system
[ WINDOWS_USR ] :: DESKTOP-56GL0L8$
[ INFO ] ::  
            SELECT 
                idUser,
                usser,
                usr_Colaborador,
                usr_estado,
                usr_udn,
                DATE_FORMAT(creacion, '%d/%m/%Y') as creacion,
                DATE_FORMAT(activacion, '%d/%m/%Y %H:%i') as activacion
            FROM fayxzvov_erp.usuarios
            WHERE usr_estado = ?
            ORDER BY idUser DESC
        
[ ERROR READ] :: SQLSTATE[42S02]: Base table or view not found: 1146 Table 'fayxzvov_erp.usuarios' doesn't exist


[ 2026-10-05 14:32:25 ]
[ UNIX_USR ] :: nt authority\system
[ WINDOWS_USR ] :: DESKTOP-56GL0L8$
[ INFO ] ::  
            SELECT 
                idPerfil,
                perfil,
                perfil_estado,
                DATE_FORMAT(f_creacion, '%d/%m/%Y') as f_creacion
            FROM fayxzvov_erp.perfiles
            WHERE perfil_estado = ?
            ORDER BY idPerfil DESC
        
[ ERROR READ] :: SQLSTATE[42S02]: Base table or view not found: 1146 Table 'fayxzvov_erp.perfiles' doesn't exist


[ 2026-10-05 14:32:25 ]
[ UNIX_USR ] :: nt authority\system
[ WINDOWS_USR ] :: DESKTOP-56GL0L8$
[ INFO ] ::  
            SELECT 
                idUser,
                usser,
                usr_Colaborador,
                usr_estado,
                usr_udn,
                DATE_FORMAT(creacion, '%d/%m/%Y') as creacion,
                DATE_FORMAT(activacion, '%d/%m/%Y %H:%i') as activacion
            FROM fayxzvov_erp.usuarios
            WHERE usr_estado = ?
            ORDER BY idUser DESC
        
[ ERROR READ] :: SQLSTATE[42S02]: Base table or view not found: 1146 Table 'fayxzvov_erp.usuarios' doesn't exist


[ 2026-10-05 14:31:22 ]
[ UNIX_USR ] :: nt authority\system
[ WINDOWS_USR ] :: DESKTOP-56GL0L8$
[ INFO ] ::  
            SELECT 
                idPerfil,
                perfil,
                perfil_estado,
                DATE_FORMAT(f_creacion, '%d/%m/%Y') as f_creacion
            FROM fayxzvov_erp.perfiles
            WHERE perfil_estado = ?
            ORDER BY idPerfil DESC
        
[ ERROR READ] :: SQLSTATE[42S02]: Base table or view not found: 1146 Table 'fayxzvov_erp.perfiles' doesn't exist


[ 2026-10-05 14:31:22 ]
[ UNIX_USR ] :: nt authority\system
[ WINDOWS_USR ] :: DESKTOP-56GL0L8$
[ INFO ] ::  
            SELECT 
                idUser,
                usser,
                usr_Colaborador,
                usr_estado,
                usr_udn,
                DATE_FORMAT(creacion, '%d/%m/%Y') as creacion,
                DATE_FORMAT(activacion, '%d/%m/%Y %H:%i') as activacion
            FROM fayxzvov_erp.usuarios
            WHERE usr_estado = ?
            ORDER BY idUser DESC
        
[ ERROR READ] :: SQLSTATE[42S02]: Base table or view not found: 1146 Table 'fayxzvov_erp.usuarios' doesn't exist


[ 2026-10-05 14:30:06 ]
[ UNIX_USR ] :: nt authority\system
[ WINDOWS_USR ] :: DESKTOP-56GL0L8$
[ INFO ] ::  
            SELECT 
                idPerfil,
                perfil,
                perfil_estado,
                DATE_FORMAT(f_creacion, '%d/%m/%Y') as f_creacion
            FROM fayxzvov_erp.perfiles
            WHERE perfil_estado = ?
            ORDER BY idPerfil DESC
        
[ ERROR READ] :: SQLSTATE[42S02]: Base table or view not found: 1146 Table 'fayxzvov_erp.perfiles' doesn't exist


[ 2026-10-05 14:30:06 ]
[ UNIX_USR ] :: nt authority\system
[ WINDOWS_USR ] :: DESKTOP-56GL0L8$
[ INFO ] ::  
            SELECT 
                idUser,
                usser,
                usr_Colaborador,
                usr_estado,
                usr_udn,
                DATE_FORMAT(creacion, '%d/%m/%Y') as creacion,
                DATE_FORMAT(activacion, '%d/%m/%Y %H:%i') as activacion
            FROM fayxzvov_erp.usuarios
            WHERE usr_estado = ?
            ORDER BY idUser DESC
        
[ ERROR READ] :: SQLSTATE[42S02]: Base table or view not found: 1146 Table 'fayxzvov_erp.usuarios' doesn't exist


